
> 80road-next@0.1.0 build
> next build

node.exe : ΓÜá Warning: Next.js inferred your 
workspace root, but it may not be correct.
At C:\Program Files\nodejs\npm.ps1:29 char:3
+   & $NODE_EXE $NPM_CLI_JS $args
+   ~~~~~~~~~~~~~~~~~~~~~~~~~~~~~
    + CategoryInfo          : NotSpecified: (ΓÜ 
   á Warning: Ne...not be correct.:String) [],  
   RemoteException
    + FullyQualifiedErrorId : NativeCommandErro 
   r
 
 We detected multiple lockfiles and selected 
the directory of C:\Users\abdallah\Desktop\ahmed
\80reoad\package-lock.json as the root 
directory.
 To silence this warning, set `turbopack.root` 
in your Next.js config, or consider removing 
one of the lockfiles if it's not needed.
   See https://nextjs.org/docs/app/api-reference
/config/next-config-js/turbopack#root-directory 
for more information.
 Detected additional lockfiles: 
   * C:\Users\abdallah\Desktop\ahmed\80reoad\80r
oad-next\package-lock.json

Γû▓ Next.js 16.2.2 (Turbopack)

  Creating an optimized production build ...
Γ£ô Compiled successfully in 6.1s
  Running TypeScript ...
Failed to type check.

./app/(detail)/post-ad/page.tsx:100:44
Type error: Argument of type '{ listingType: 
string; propertyType: string; country: string; 
governorate: string; area: string; rooms: 
string | number; bathrooms: string | number; 
size: number; balcony: string; parking: string; 
parkingSystems: string[]; electricity: string; 
water: string; ac: string; }' is not assignable 
to parameter of type 'Partial<{ listingType: 
string; propertyType: string; country: string; 
governorate: string; area: string; size: 
number; parkingSystems: string[]; images: 
any[]; rooms?: number | undefined; bathrooms?: 
string | number | undefined; ... 5 more ...; 
video?: any; }>'.
  Types of property 'rooms' are incompatible.
    Type 'string | number' is not assignable to 
type 'number | undefined'.
      Type 'string' is not assignable to type 
'number'.

  [90m 98 |[0m
  [90m 99 |[0m   [36mconst[0m { postAdForm: 
storeData, setPostAdValue, resetPostAdForm } = 
useWizardStore();
[31m[1m>[0m [90m100 |[0m   [36mconst[0m 
{ form, onSubmit } = usePostAdForm(storeData);
  [90m    |[0m                                
            [31m[1m^[0m
  [90m101 |[0m
  [90m102 |[0m   [36mconst[0m [processing, 
setProcessing] = useState([36mfalse[0m);
  [90m103 |[0m   [36mconst[0m [published, 
setPublished] = useState([36mfalse[0m);
Next.js build worker exited with code: 1 and 
signal: null
